﻿
> udhaar-ai-backend@1.0.0 test
> node tests/run_tests.js

--- Starting Automated Multilingual & Alias Tests ---
[TEST SETUP] Backed up existing db.json.

--- Test Case 1: Hindi Transliteration ---
Γ£à [PASS] Transliterates "αñ░αñ╛αñ╣αÑüαñ▓" to "rahul"
Γ£à [PASS] Transliterates "αñ«αÑçαñòαÑçαñ¿αñ┐αñò" to "mekenik"
Γ£à [PASS] Transliterates composite name "αñ░αñ╛αñ╣αÑüαñ▓ αñ«αÑçαñòαÑçαñ¿αñ┐αñò"
Γ£à [PASS] Ignores non-Hindi scripts

--- Test Case 2: Multilingual Name Resolution ---
[LOOKUP] Candidate matches found for "αñ░αñ╛αñ╣αÑüαñ▓ αñ«αÑçαñòαÑçαñ¿αñ┐αñò": [Rahul Mechanic]
Γ£à [PASS] Resolves Devanagari script to English customer record (Rahul Mechanic)

--- Test Case 3: Priority Matching Hierarchy ---
Γ£à [PASS] Step 1 ID match works
[LOOKUP] Mobile number match found: [Raju Milkman]
Γ£à [PASS] Step 2 Mobile number match works
[LOOKUP] Exact match found: [Rahul Mechanic]
Γ£à [PASS] Step 3 Normalized English name match works

--- Test Case 4: Automatic Alias Learning ---
[ALIAS LEARNED] Added alias "αñ░αñ╛αñ╣αÑüαñ▓ αñ«αÑçαñòαÑçαñ¿αñ┐αñò" to customer "Rahul Mechanic" (ID: test_cust_1)
[TRANSACTION ATTACHED] Added credit of Γé╣500 to customer ID test_cust_1
Γ£à [PASS] Learns and saves new alias "αñ░αñ╛αñ╣αÑüαñ▓ αñ«αÑçαñòαÑçαñ¿αñ┐αñò" to master profile

--- Test Case 5: Duplicate Prevention via Learned Alias ---
[LOOKUP] Candidate matches found for "αñ░αñ╛αñ╣αÑüαñ▓ αñ«αÑçαñòαÑçαñ¿αñ┐αñò": [Rahul Mechanic]
Γ£à [PASS] Finds customer via learned alias list (Step 5)

--- Test Case 6: Duplicate merging across scripts ---
[MERGE] Auto-merge scanner started for merchant: merchant_test
[MERGE] Merchant merchant_test has no customers. Scanner ended.
[MERGE] Auto-merge scanner started for merchant: merchant_1
[MERGE] Consolidating duplicate profile "αñ░αñ╛αñ╣αÑüαñ▓ αñ«αÑçαñòαÑçαñ¿αñ┐αñò" (ID: test_cust_hindi_dup) into master "Rahul Mechanic" (ID: test_cust_1) for merchant merchant_1. Reason: matching phone number
[MERGE] Remapped transaction test_tx_hindi_dup from duplicate customer ID test_cust_hindi_dup to master ID test_cust_1
[MERGE] Consolidation complete for merchant merchant_1. Merged 1 duplicate profile(s).
Γ£à [PASS] Removes Devanagari duplicate profile record
Γ£à [PASS] Keeps English display name as the master record
Γ£à [PASS] Aggregates correct outstanding balance (1000 master + 500 transaction + 300 duplicate = 1800)
Γ£à [PASS] Preserves and consolidates transaction history timeline

--- Test Case 7: 4-Variation Verification ---
[LOOKUP] Exact match found: [Rahul Mechanic]
Γ£à [PASS] "Rahul Mechanic" resolves to test_cust_1
[TRANSACTION ATTACHED] Added credit of Γé╣500 to customer ID test_cust_1
[LOOKUP] Candidate matches found for "αñ░αñ╛αñ╣αÑüαñ▓ αñ«αÑçαñòαÑçαñ¿αñ┐αñò": [Rahul Mechanic]
Γ£à [PASS] "αñ░αñ╛αñ╣αÑüαñ▓ αñ«αÑçαñòαÑçαñ¿αñ┐αñò" resolves to test_cust_1
[ALIAS LEARNED] Added alias "αñ░αñ╛αñ╣αÑüαñ▓ αñ«αÑçαñòαÑçαñ¿αñ┐αñò" to customer "Rahul Mechanic" (ID: test_cust_1)
[TRANSACTION ATTACHED] Added credit of Γé╣500 to customer ID test_cust_1
[LOOKUP] Exact match found: [Rahul Mechanic]
Γ£à [PASS] "rahul mechanic" resolves to test_cust_1
[TRANSACTION ATTACHED] Added credit of Γé╣500 to customer ID test_cust_1
[LOOKUP] Candidate matches found for "Rahul Mekanik": [Rahul Mechanic]
Γ£à [PASS] "Rahul Mekanik" resolves to test_cust_1
[ALIAS LEARNED] Added alias "Rahul Mekanik" to customer "Rahul Mechanic" (ID: test_cust_1)
[TRANSACTION ATTACHED] Added credit of Γé╣500 to customer ID test_cust_1
Γ£à [PASS] Only one customer record exists for Rahul Mechanic (no duplicates created)
Γ£à [PASS] Aggregates correct outstanding balance: 1000 (initial) + 500 * 4 = 3000 (got: 3000)
Γ£à [PASS] Ledger has exactly 5 transactions (1 initial + 4 new) (got: 5)

--- Test Case 8: Gemini Multi-Key Failover ---
[GEMINI] Using key index 0 (Key: dummy_...ey_1) - Attempt 1/2 - State: CLOSED
[GEMINI] Using key index 0 (Key: dummy_...ey_1) - Attempt 2/2 - State: CLOSED
[GEMINI] Using key index 1 (Key: dummy_...ey_2) - Attempt 1/2 - State: CLOSED
[GEMINI] Using key index 1 (Key: dummy_...ey_2) - Attempt 2/2 - State: CLOSED
[GEMINI] Using key index 2 (Key: AQ.Ab8...MEHw) - Attempt 1/2 - State: CLOSED
[GEMINI] Using key index 2 (Key: AQ.Ab8...MEHw) - Attempt 2/2 - State: CLOSED

--- Test Case 9: False Duplicate Prevention ---
[LOOKUP] Candidate matches found for "Aarti": []
Γ£à [PASS] Aditi and Aarti are treated as different customers (no match found)
[LOOKUP] Exact match found: [Rahul Mechanic]
Γ£à [PASS] Exact duplicate detected for Rahul Mechanic
[LOOKUP] Candidate matches found for "αñ░αñ╛αñ╣αÑüαñ▓ αñ«αÑçαñòαÑçαñ¿αñ┐αñò": [Rahul Mechanic]
Γ£à [PASS] Devanagari script matches same English customer Rahul Mechanic
[LOOKUP] Candidate matches found for "Aaditi": [Aditi]
Γ£à [PASS] Aaditi matches Aditi as candidate (distance = 1)
[CREATED] New customer profile created locally: "Raju" (ID: cust_27d2067c) for merchant merchant_1
[LOOKUP] Candidate matches found for "Rajesh": []
Γ£à [PASS] Raju and Rajesh are treated as different customers
[CREATED] New customer profile created locally: "Sonu" (ID: cust_b70f563d) for merchant merchant_1
[LOOKUP] Candidate matches found for "Monu": []
Γ£à [PASS] Sonu and Monu are treated as different customers
[CREATED] New customer profile created locally: "Ramesh" (ID: cust_6ac008cf) for merchant merchant_1
[LOOKUP] Candidate matches found for "Dinesh": []
Γ£à [PASS] Ramesh and Dinesh are treated as different customers
[CREATED] New customer profile created locally: "Pingu" (ID: cust_66457e26) for merchant merchant_1
[LOOKUP] Candidate matches found for "Mingu": []
Γ£à [PASS] Pingu and Mingu are treated as different customers
[LOOKUP] Candidate matches found for "Aditi": []
Γ£à [PASS] Aditi with different mobile number is treated as a separate customer (no merge)
[CREATED] New customer profile created locally: "Pooja" (ID: cust_84cc79c4) for merchant merchant_1
[LOOKUP] Candidate matches found for "Puja": []
Γ£à [PASS] Pooja and Puja are treated as different customers (no match found)
[CREATED] New customer profile created locally: "Ankit" (ID: cust_1037d1a7) for merchant merchant_1
[LOOKUP] Candidate matches found for "Ankita": []
Γ£à [PASS] Ankit and Ankita are treated as different customers (no match found)
[CREATED] New customer profile created locally: "Rohan" (ID: cust_65be2a15) for merchant merchant_1
[LOOKUP] Candidate matches found for "Mohan": []
Γ£à [PASS] Rohan and Mohan are treated as different customers (no match found)

--- Test Case 10: Customer Deletion and Database Cleanup ---
[CREATED] New customer profile created locally: "Test User" (ID: cust_2bddc59e) for merchant merchant_1
Γ£à [PASS] Created new test customer successfully
[TRANSACTION ATTACHED] Added credit of Γé╣1500 to customer ID cust_2bddc59e
Γ£à [PASS] Test customer has outstanding balance
Γ£à [PASS] Test customer has 1 transaction
Γ£à [PASS] Test customer has reminders
[GEMINI CACHE] Cleared semantic match and canonical name caches.
[DELETED] Customer profile soft-deleted locally and permanently purged from cloud: "Test User" (ID: cust_2bddc59e)
Γ£à [PASS] deleteCustomer returns true on successful deletion
Γ£à [PASS] Customer profile soft-deleted (deleted = true)
Γ£à [PASS] Deleted customer excluded from getCustomers() directory list
Γ£à [PASS] Customer balance entry removed from outstanding_balances
Γ£à [PASS] All customer transactions removed from transactions list
Γ£à [PASS] All customer reminders removed from reminders list
Γ£à [PASS] Rahul Mechanic exists before deletion simulation
Γ£à [PASS] Rahul Mechanic remains intact when deletion is canceled

--- Test Case 11: Voice Parsing Filler Word Purge ---
[CLASSIFY] Match credit phrase "udhaar diye"
Γ£à [PASS] "Rahul ko 500 rupaye udhaar diye" extracts name "Rahul" (got: "Rahul")
Γ£à [PASS] "Rahul ko 500 rupaye udhaar diye" extracts amount 500 (got: "500")
Γ£à [PASS] "Rahul ko 500 rupaye udhaar diye" extracts type "credit" (got: "credit")
[CLASSIFY] Match collection phrase "wapas mile"
Γ£à [PASS] "Aarti se 300 rupaye wapas mile" extracts name "Aarti" (got: "Aarti")
Γ£à [PASS] "Aarti se 300 rupaye wapas mile" extracts amount 300 (got: "300")
Γ£à [PASS] "Aarti se 300 rupaye wapas mile" extracts type "collection" (got: "collection")
[CLASSIFY] Match credit phrase "diye"
Γ£à [PASS] "Rakesh ko 1000 rupaye diye" extracts name "Rakesh" (got: "Rakesh")
Γ£à [PASS] "Rakesh ko 1000 rupaye diye" extracts amount 1000 (got: "1000")
Γ£à [PASS] "Rakesh ko 1000 rupaye diye" extracts type "credit" (got: "credit")
[CLASSIFY] Match credit phrase "diye"
Γ£à [PASS] "Reshap ko 500 rupaye diye" extracts name "Reshap" (got: "Reshap")
Γ£à [PASS] "Reshap ko 500 rupaye diye" extracts amount 500 (got: "500")
Γ£à [PASS] "Reshap ko 500 rupaye diye" extracts type "credit" (got: "credit")
[CLASSIFY] Match credit phrase "diye"
Γ£à [PASS] "Raj ko 500 diye" extracts name "Raj" (got: "Raj")
Γ£à [PASS] "Raj ko 500 diye" extracts amount 500 (got: "500")
Γ£à [PASS] "Raj ko 500 diye" extracts type "credit" (got: "credit")
[CLASSIFY] Match credit phrase "udhaar diye"
Γ£à [PASS] "Rahul Mechanic ko 1000 udhaar diye" extracts name "Rahul Mechanic" (got: "Rahul Mechanic")
Γ£à [PASS] "Rahul Mechanic ko 1000 udhaar diye" extracts amount 1000 (got: "1000")
Γ£à [PASS] "Rahul Mechanic ko 1000 udhaar diye" extracts type "credit" (got: "credit")
[CLASSIFY] Match collection phrase "lotaaye"
Γ£à [PASS] "Aditi ne 500 lotaaye" extracts name "Aditi" (got: "Aditi")
Γ£à [PASS] "Aditi ne 500 lotaaye" extracts amount 500 (got: "500")
Γ£à [PASS] "Aditi ne 500 lotaaye" extracts type "collection" (got: "collection")
[CLASSIFY] Match collection phrase "wapas diye"
Γ£à [PASS] "Rahul ne 1000 wapas diye" extracts name "Rahul" (got: "Rahul")
Γ£à [PASS] "Rahul ne 1000 wapas diye" extracts amount 1000 (got: "1000")
Γ£à [PASS] "Rahul ne 1000 wapas diye" extracts type "collection" (got: "collection")
[CLASSIFY] Match credit phrase "diye"
Γ£à [PASS] "Rahul ko 500 diye" extracts name "Rahul" (got: "Rahul")
Γ£à [PASS] "Rahul ko 500 diye" extracts amount 500 (got: "500")
Γ£à [PASS] "Rahul ko 500 diye" extracts type "credit" (got: "credit")
[CLASSIFY] Match credit phrase "diye"
Γ£à [PASS] "Aditi ko 500 diye" extracts name "Aditi" (got: "Aditi")
Γ£à [PASS] "Aditi ko 500 diye" extracts amount 500 (got: "500")
Γ£à [PASS] "Aditi ko 500 diye" extracts type "credit" (got: "credit")
[CLASSIFY] Match collection phrase "lautaye"
Γ£à [PASS] "Aditi ne 500 lautaye" extracts name "Aditi" (got: "Aditi")
Γ£à [PASS] "Aditi ne 500 lautaye" extracts amount 500 (got: "500")
Γ£à [PASS] "Aditi ne 500 lautaye" extracts type "collection" (got: "collection")
[CLASSIFY] Match collection phrase "chuka diye"
Γ£à [PASS] "Rahul ne 1000 chuka diye" extracts name "Rahul" (got: "Rahul")
Γ£à [PASS] "Rahul ne 1000 chuka diye" extracts amount 1000 (got: "1000")
Γ£à [PASS] "Rahul ne 1000 chuka diye" extracts type "collection" (got: "collection")
[CLASSIFY] Match collection phrase "chuka diye"
Γ£à [PASS] "Raju ne 300 chuka diye" extracts name "Raju" (got: "Raju")
Γ£à [PASS] "Raju ne 300 chuka diye" extracts amount 300 (got: "300")
Γ£à [PASS] "Raju ne 300 chuka diye" extracts type "collection" (got: "collection")
[CLASSIFY] Match collection phrase "paise wapas diye"
Γ£à [PASS] "Sanskriti ne 800 paise wapas diye" extracts name "Sanskriti" (got: "Sanskriti")
Γ£à [PASS] "Sanskriti ne 800 paise wapas diye" extracts amount 800 (got: "800")
Γ£à [PASS] "Sanskriti ne 800 paise wapas diye" extracts type "collection" (got: "collection")

--- Test Case 12: Rule-Based Customer Name Sanitization ---
Γ£à [PASS] "Shivansh ko diye" sanitizes to "Shivansh" (got: "Shivansh")
Γ£à [PASS] "Shivansh ko die" sanitizes to "Shivansh" (got: "Shivansh")
Γ£à [PASS] "Sanskriti ko 800 diye" sanitizes to "Sanskriti" (got: "Sanskriti")
Γ£à [PASS] "Rahul Mechanic ko 1000 udhaar diye" sanitizes to "Rahul Mechanic" (got: "Rahul Mechanic")
Γ£à [PASS] "Raju Milkman se 300 wapas mile" sanitizes to "Raju Milkman" (got: "Raju Milkman")
Γ£à [PASS] "Aditi ki payment" sanitizes to "Aditi" (got: "Aditi")
Γ£à [PASS] "Amit Kumar ke 500" sanitizes to "Amit Kumar" (got: "Amit Kumar")
Γ£à [PASS] "Shivansh ne 500 rupaye liye" sanitizes to "Shivansh" (got: "Shivansh")
Γ£à [PASS] "Sanskriti ne 800 rupaye diye" sanitizes to "Sanskriti" (got: "Sanskriti")
Γ£à [PASS] "Sanskriti ne 500 lotaaye" sanitizes to "Sanskriti" (got: "Sanskriti")
Γ£à [PASS] "Raju ne 300 lautaaye" sanitizes to "Raju" (got: "Raju")
Γ£à [PASS] "Rahul ne 1000 wapas diye" sanitizes to "Rahul" (got: "Rahul")
Γ£à [PASS] "Aditi ne 500 lautaye" sanitizes to "Aditi" (got: "Aditi")
Γ£à [PASS] "Rahul ne 1000 chuka diye" sanitizes to "Rahul" (got: "Rahul")
Γ£à [PASS] "Raju ne 300 chuka diye" sanitizes to "Raju" (got: "Raju")
Γ£à [PASS] "Sanskriti ne 800 paise wapas diye" sanitizes to "Sanskriti" (got: "Sanskriti")
Γ£à [PASS] "Aarti ne 500 liye" sanitizes to "Aarti" (got: "Aarti")

--- Test Case 13: Outstanding Balance Calculations ---
[TRANSACTION ATTACHED] Added credit of Γé╣500 to customer ID test_cust_1
Γ£à [PASS] Credit transaction increases outstanding balance (1000 + 500 = 1500)
[TRANSACTION ATTACHED] Added collection of Γé╣300 to customer ID test_cust_1
Γ£à [PASS] Collection transaction decreases outstanding balance (1500 - 300 = 1200)

--- Test Case 14: Transaction Deletion and Matching Confidence ---
[DELETED] Transaction deleted locally and permanently purged from cloud: ID tx_d55e9383, recalculated balance for customer test_cust_1 to Γé╣1500
Γ£à [PASS] deleteTransaction returns true on successful deletion
Γ£à [PASS] Deleting collection transaction restores outstanding balance (1200 + 300 = 1500)
Γ£à [PASS] Reminders recalculated with restored balance amount
Γ£à [PASS] Raj vs Raju similarity score is 75% (below 95% confidence threshold)
Γ£à [PASS] Raj vs Rishirh similarity score is below 95% confidence threshold

--- Test Case 15: Prefix Matching & Fuzzy Candidates ---
[LOOKUP] Candidate matches found for "Sanskriti": [Sanskriti Sharma, Sanskriti Store]
Γ£à [PASS] Sanskriti returns exactly 2 candidates (got: 2)
Γ£à [PASS] Sanskriti returns Sanskriti Sharma and Sanskriti Store
[LOOKUP] Candidate matches found for "Kaju": [Raju]
Γ£à [PASS] Kaju matches Raju as a candidate (got match: Raju)
[CREATED] New customer profile created locally: "Raju" (ID: cust_f793967e) for merchant merchant_1
Γ£à [PASS] addCustomer with confirmNew=true bypasses duplicate check and creates new ID (got: cust_f793967e)

--- Test Case 16: Hindi/Hinglish Amount Recognition ---
[CLASSIFY] Match credit phrase "diye"
Γ£à [PASS] "Rahul ko paanch hazar diye" extracts name "Rahul" (got: "Rahul")
Γ£à [PASS] "Rahul ko paanch hazar diye" extracts amount 5000 (got: "5000")
Γ£à [PASS] "Rahul ko paanch hazar diye" extracts type "credit" (got: "credit")
[CLASSIFY] Match collection phrase "lautaaye"
Γ£à [PASS] "Raju ne derh hazar lautaaye" extracts name "Raju" (got: "Raju")
Γ£à [PASS] "Raju ne derh hazar lautaaye" extracts amount 1500 (got: "1500")
Γ£à [PASS] "Raju ne derh hazar lautaaye" extracts type "collection" (got: "collection")
[CLASSIFY] Match collection phrase "lotaye"
Γ£à [PASS] "Aditi ne dhai sau lotaye" extracts name "Aditi" (got: "Aditi")
Γ£à [PASS] "Aditi ne dhai sau lotaye" extracts amount 250 (got: "250")
Γ£à [PASS] "Aditi ne dhai sau lotaye" extracts type "collection" (got: "collection")
[CLASSIFY] Match credit phrase "diye"
Γ£à [PASS] "Sanskriti ko sawa hazar diye" extracts name "Sanskriti" (got: "Sanskriti")
Γ£à [PASS] "Sanskriti ko sawa hazar diye" extracts amount 1250 (got: "1250")
Γ£à [PASS] "Sanskriti ko sawa hazar diye" extracts type "credit" (got: "credit")
[CLASSIFY] Match credit phrase "diye"
Γ£à [PASS] "Amit ko teen lakh diye" extracts name "Amit" (got: "Amit")
Γ£à [PASS] "Amit ko teen lakh diye" extracts amount 300000 (got: "300000")
Γ£à [PASS] "Amit ko teen lakh diye" extracts type "credit" (got: "credit")
[CLASSIFY] Match credit phrase "diye"
Γ£à [PASS] "Rahul ko ek hazar diye" extracts name "Rahul" (got: "Rahul")
Γ£à [PASS] "Rahul ko ek hazar diye" extracts amount 1000 (got: "1000")
Γ£à [PASS] "Rahul ko ek hazar diye" extracts type "credit" (got: "credit")
[CLASSIFY] Match collection phrase "wapas diye"
Γ£à [PASS] "Raju ne 1.5 hazar wapas diye" extracts name "Raju" (got: "Raju")
Γ£à [PASS] "Raju ne 1.5 hazar wapas diye" extracts amount 1500 (got: "1500")
Γ£à [PASS] "Raju ne 1.5 hazar wapas diye" extracts type "collection" (got: "collection")
Γ£à [PASS] "Rahul ko αñíαÑçαñóαñ╝ αñ╣αñ£αñ╝αñ╛αñ░ credit kiya" extracts name "Rahul" (got: "Rahul")
Γ£à [PASS] "Rahul ko αñíαÑçαñóαñ╝ αñ╣αñ£αñ╝αñ╛αñ░ credit kiya" extracts amount 1500 (got: "1500")
Γ£à [PASS] "Rahul ko αñíαÑçαñóαñ╝ αñ╣αñ£αñ╝αñ╛αñ░ credit kiya" extracts type "credit" (got: "credit")
[CLASSIFY] Match collection phrase "wapas diye"
Γ£à [PASS] "Raju ko αñóαñ╛αñê αñ╣αñ£αñ╝αñ╛αñ░ wapas diye" extracts name "Raju" (got: "Raju")
Γ£à [PASS] "Raju ko αñóαñ╛αñê αñ╣αñ£αñ╝αñ╛αñ░ wapas diye" extracts amount 2500 (got: "2500")
Γ£à [PASS] "Raju ko αñóαñ╛αñê αñ╣αñ£αñ╝αñ╛αñ░ wapas diye" extracts type "collection" (got: "collection")

--- Test Case 17: Combined Fractions, Name Cleanup & Type Classification ---
[CLASSIFY] Match credit phrase "diye"
Γ£à [PASS] "Rahul ko hajar diye" extracts name "Rahul" (got: "Rahul")
Γ£à [PASS] "Rahul ko hajar diye" extracts amount 1000 (got: "1000")
Γ£à [PASS] "Rahul ko hajar diye" extracts type "credit" (got: "credit")
[CLASSIFY] Match credit phrase "diye"
Γ£à [PASS] "Rahul ko hazar diye" extracts name "Rahul" (got: "Rahul")
Γ£à [PASS] "Rahul ko hazar diye" extracts amount 1000 (got: "1000")
Γ£à [PASS] "Rahul ko hazar diye" extracts type "credit" (got: "credit")
[CLASSIFY] Match credit phrase "diye"
Γ£à [PASS] "Rahul ko hazaar diye" extracts name "Rahul" (got: "Rahul")
Γ£à [PASS] "Rahul ko hazaar diye" extracts amount 1000 (got: "1000")
Γ£à [PASS] "Rahul ko hazaar diye" extracts type "credit" (got: "credit")
[CLASSIFY] Match credit phrase "diye"
Γ£à [PASS] "Rahul ko hzaar diye" extracts name "Rahul" (got: "Rahul")
Γ£à [PASS] "Rahul ko hzaar diye" extracts amount 1000 (got: "1000")
Γ£à [PASS] "Rahul ko hzaar diye" extracts type "credit" (got: "credit")
[CLASSIFY] Match credit phrase "diye"
Γ£à [PASS] "Rahul ko hjaar diye" extracts name "Rahul" (got: "Rahul")
Γ£à [PASS] "Rahul ko hjaar diye" extracts amount 1000 (got: "1000")
Γ£à [PASS] "Rahul ko hjaar diye" extracts type "credit" (got: "credit")
[CLASSIFY] Match credit phrase "diye"
Γ£à [PASS] "Rahul ko αñ╣αñ£αñ╛αñ░ diye" extracts name "Rahul" (got: "Rahul")
Γ£à [PASS] "Rahul ko αñ╣αñ£αñ╛αñ░ diye" extracts amount 1000 (got: "1000")
Γ£à [PASS] "Rahul ko αñ╣αñ£αñ╛αñ░ diye" extracts type "credit" (got: "credit")
[CLASSIFY] Match credit phrase "diye"
Γ£à [PASS] "Rahul ko αñ╣αñ£αñ╝αñ╛αñ░ diye" extracts name "Rahul" (got: "Rahul")
Γ£à [PASS] "Rahul ko αñ╣αñ£αñ╝αñ╛αñ░ diye" extracts amount 1000 (got: "1000")
Γ£à [PASS] "Rahul ko αñ╣αñ£αñ╝αñ╛αñ░ diye" extracts type "credit" (got: "credit")
[CLASSIFY] Match credit phrase "diye"
Γ£à [PASS] "Sanskriti ko do hajar diye" extracts name "Sanskriti" (got: "Sanskriti")
Γ£à [PASS] "Sanskriti ko do hajar diye" extracts amount 2000 (got: "2000")
Γ£à [PASS] "Sanskriti ko do hajar diye" extracts type "credit" (got: "credit")
[CLASSIFY] Match collection phrase "lotaye"
Γ£à [PASS] "Aditi ne ek hajar lotaye" extracts name "Aditi" (got: "Aditi")
Γ£à [PASS] "Aditi ne ek hajar lotaye" extracts amount 1000 (got: "1000")
Γ£à [PASS] "Aditi ne ek hajar lotaye" extracts type "collection" (got: "collection")
[CLASSIFY] Match credit phrase "diye"
Γ£à [PASS] "Rahul ko paune do hazar diye" extracts name "Rahul" (got: "Rahul")
Γ£à [PASS] "Rahul ko paune do hazar diye" extracts amount 1750 (got: "1750")
Γ£à [PASS] "Rahul ko paune do hazar diye" extracts type "credit" (got: "credit")
[CLASSIFY] Match collection phrase "payment kiya"
Γ£à [PASS] "Aditi ne sawa do hazar payment kiya" extracts name "Aditi" (got: "Aditi")
Γ£à [PASS] "Aditi ne sawa do hazar payment kiya" extracts amount 2250 (got: "2250")
Γ£à [PASS] "Aditi ne sawa do hazar payment kiya" extracts type "collection" (got: "collection")
[CLASSIFY] Match credit phrase "diye"
Γ£à [PASS] "Amit ko paune teen hazar diye" extracts name "Amit" (got: "Amit")
Γ£à [PASS] "Amit ko paune teen hazar diye" extracts amount 2750 (got: "2750")
Γ£à [PASS] "Amit ko paune teen hazar diye" extracts type "credit" (got: "credit")
[CLASSIFY] Match collection phrase "wapas diye"
Γ£à [PASS] "Rahul ne sawa teen lakh wapas diye" extracts name "Rahul" (got: "Rahul")
Γ£à [PASS] "Rahul ne sawa teen lakh wapas diye" extracts amount 325000 (got: "325000")
Γ£à [PASS] "Rahul ne sawa teen lakh wapas diye" extracts type "collection" (got: "collection")
[CLASSIFY] Match collection phrase "amount diya"
Γ£à [PASS] "Aditi ne amount diya" extracts name "Aditi" (got: "Aditi")
Γ£à [PASS] "Aditi ne amount diya" extracts amount 0 (got: "0")
Γ£à [PASS] "Aditi ne amount diya" extracts type "collection" (got: "collection")
[CLASSIFY] Match credit phrase "maal diya"
Γ£à [PASS] "Sanskriti ko maal diya" extracts name "Sanskriti" (got: "Sanskriti")
Γ£à [PASS] "Sanskriti ko maal diya" extracts amount 0 (got: "0")
Γ£à [PASS] "Sanskriti ko maal diya" extracts type "credit" (got: "credit")
[CLASSIFY] Match credit phrase "samaan diya"
Γ£à [PASS] "Raju ko samaan diya" extracts name "Raju" (got: "Raju")
Γ£à [PASS] "Raju ko samaan diya" extracts amount 0 (got: "0")
Γ£à [PASS] "Raju ko samaan diya" extracts type "credit" (got: "credit")
[CLASSIFY] Match collection phrase "paise diye"
Γ£à [PASS] "Pooja ne paise diye" extracts name "Pooja" (got: "Pooja")
Γ£à [PASS] "Pooja ne paise diye" extracts amount 0 (got: "0")
Γ£à [PASS] "Pooja ne paise diye" extracts type "collection" (got: "collection")
[CLASSIFY] Match collection phrase "settle kiya"
Γ£à [PASS] "Mohan ne settle kiya" extracts name "Mohan" (got: "Mohan")
Γ£à [PASS] "Mohan ne settle kiya" extracts amount 0 (got: "0")
Γ£à [PASS] "Mohan ne settle kiya" extracts type "collection" (got: "collection")

--- Test Case 18: Account Isolation & Merchant Database Separation ---
[CREATED] New customer profile created locally: "Rahul Mechanic" (ID: cust_9d13a60b) for merchant merchant_1
[CREATED] New customer profile created locally: "Rahul Mechanic" (ID: cust_0457198f) for merchant merchant_2
Γ£à [PASS] Different merchants get distinct customer IDs even with identical names
Γ£à [PASS] Merchant 1 only retrieves Merchant 1 customers
Γ£à [PASS] Merchant 2 only retrieves Merchant 2 customers
[LOOKUP] Exact match found: [Rahul Mechanic]
[LOOKUP] Exact match found: [Rahul Mechanic]
Γ£à [PASS] Merchant 1 lookup resolves only Merchant 1 customers
Γ£à [PASS] Merchant 2 lookup resolves only Merchant 2 customers
[TRANSACTION ATTACHED] Added credit of Γé╣2000 to customer ID cust_9d13a60b
[TRANSACTION ATTACHED] Added credit of Γé╣500 to customer ID cust_0457198f
Γ£à [PASS] Merchant 1 ledger shows correct transaction
Γ£à [PASS] Merchant 2 ledger shows correct transaction
Γ£à [PASS] Merchant 2 cannot access Merchant 1 customer ledger data
Γ£à [PASS] Merchant 1 retrieves only Merchant 1 reminders
Γ£à [PASS] Merchant 2 retrieves only Merchant 2 reminders

--- Test Case 19: Customer Detail Modifications and Validations ---
[TRANSACTION ATTACHED] Added credit of Γé╣500 to customer ID test_cust_1
Γ£à [PASS] Rahul Mechanic has pending reminders generated
[UPDATED] Customer profile updated locally: "Rahul Updated" (ID: test_cust_1)
Γ£à [PASS] Customer name updated successfully
Γ£à [PASS] Customer phone updated successfully
Γ£à [PASS] Customer address updated successfully
Γ£à [PASS] Customer notes updated successfully
Γ£à [PASS] Customer type updated successfully
Γ£à [PASS] Rahul Updated has pending reminders
Γ£à [PASS] Updated customer name and phone successfully propagated to pending reminders
Γ£à [PASS] Duplicate name update blocked with correct message
Γ£à [PASS] Short name update validation error blocked with correct message
Γ£à [PASS] Invalid phone number format blocked with correct message
[CREATED] New customer profile created locally: "Today Customer" (ID: cust_741199fa) for merchant merchant_1
[TRANSACTION ATTACHED] Added credit of Γé╣100 to customer ID cust_741199fa
Γ£à [PASS] Should have exactly one reminder for Today Customer
Γ£à [PASS] Today Customer priority should be Soft (got: Soft)
Γ£à [PASS] Today Customer days overdue should be 0 (got: 0)
Γ£à [PASS] Customers created today fall into the Soft Priority bucket
[CREATED] New customer profile created locally: "Past Customer" (ID: cust_1aed4c70) for merchant merchant_1
[TRANSACTION ATTACHED] Added credit of Γé╣100 to customer ID cust_1aed4c70
Γ£à [PASS] Should be 1 day overdue and Soft priority (got days: 1, priority: Soft)
[TRANSACTION ATTACHED] Added credit of Γé╣100 to customer ID cust_1aed4c70
Γ£à [PASS] Should be 5 days overdue and Medium priority (got days: 5, priority: Medium)
[TRANSACTION ATTACHED] Added credit of Γé╣100 to customer ID cust_1aed4c70
Γ£à [PASS] Should be 11 days overdue and High priority (got days: 11, priority: High)
Γ£à [PASS] Calendar-day overdue calculation and priority transitions (Soft -> Medium -> High) verified successfully

--- Test Case 20: FIFO Overdue Days Outstanding Calculation ---
[CREATED] New customer profile created locally: "FIFO Customer" (ID: cust_416621ca) for merchant merchant_1
[TRANSACTION ATTACHED] Added credit of Γé╣1000 to customer ID cust_416621ca
[TRANSACTION ATTACHED] Added credit of Γé╣500 to customer ID cust_416621ca
[TRANSACTION ATTACHED] Added collection of Γé╣300 to customer ID cust_416621ca
Γ£à [PASS] FIFO Example 1: Should be 9 days overdue (from June 1 credit) and Medium priority (got days: 9, priority: Medium)
[TRANSACTION ATTACHED] Added collection of Γé╣700 to customer ID cust_416621ca
Γ£à [PASS] FIFO Example 2: Should be 5 days overdue (from June 5 credit) and Medium priority (got days: 5, priority: Medium)
[TRANSACTION ATTACHED] Added collection of Γé╣500 to customer ID cust_416621ca
Γ£à [PASS] FIFO Example 3: Customer is fully settled, should have no reminders (got: 0)
Γ£à [PASS] FIFO outstanding credit date calculation verified successfully

--- Test Case 21: Merchant Registration & Phone Uniqueness ---
Γ£à [PASS] Successfully registers merchant with unique phone
Γ£à [PASS] Blocked duplicate phone with correct message (got: This mobile number is already registered.)
Γ£à [PASS] Updating existing merchant with same phone succeeds
[TEST CLEANUP] Restored original db.json from backup.

--- Automated Test Summary ---
